// Jest Snapshot v1, https://goo.gl/fbAQLP

exports[`array 1`] = `/\\(\\?:foo\\(\\?:ba\\[rz\\]\\|zap\\?\\)\\|tr\\(\\?:2a\\|ea\\|ie\\)\\|\\\\\\$\\|1\\)/u`;

exports[`array 2`] = `
{
  "$": {
    "$$": {
      "$": null,
      Symbol(default): "$",
    },
  },
  "1": {
    "$$": {
      "1": null,
      Symbol(default): "1",
    },
  },
  "f": {
    "o": {
      "o": {
        "b": {
          "a": {
            "r": {
              "$$": {
                "foobar": null,
                Symbol(default): "foobar",
              },
            },
            "z": {
              "$$": {
                "foobaz": null,
                Symbol(default): "foobaz",
              },
            },
          },
        },
        "z": {
          "a": {
            "$$": {
              "fooza": null,
              Symbol(default): "fooza",
            },
            "p": {
              "$$": {
                "foozap": null,
                Symbol(default): "foozap",
              },
            },
          },
        },
      },
    },
  },
  "t": {
    "r": {
      "2": {
        "a": {
          "$$": {
            "tr2a": null,
            Symbol(default): "tr2a",
          },
        },
      },
      "e": {
        "a": {
          "$$": {
            "trea": null,
            Symbol(default): "trea",
          },
        },
      },
      "i": {
        "e": {
          "$$": {
            "trie": null,
            Symbol(default): "trie",
          },
        },
      },
    },
  },
}
`;

exports[`emoji 1`] = `/\\(\\?:\\\\u263A\\\\uFE0F\\|\\\\u2620\\\\uFE0F\\|\\\\u2639\\\\uFE0F\\|\\\\u2763\\\\uFE0F\\|\\\\u\\{1F4A9\\}\\|\\\\u\\{1F9D0\\}\\|\\\\u\\{1F47A\\}\\|\\\\u\\{1F47B\\}\\|\\\\u\\{1F47D\\}\\|\\\\u\\{1F47E\\}\\|\\\\u\\{1F47F\\}\\|\\\\u\\{1F48B\\}\\|\\\\u\\{1F48C\\}\\|\\\\u\\{1F49D\\}\\|\\\\u\\{1F49E\\}\\|\\\\u\\{1F49F\\}\\|\\\\u\\{1F60A\\}\\|\\\\u\\{1F60B\\}\\|\\\\u\\{1F60C\\}\\|\\\\u\\{1F60D\\}\\|\\\\u\\{1F60E\\}\\|\\\\u\\{1F60F\\}\\|\\\\u\\{1F61A\\}\\|\\\\u\\{1F61B\\}\\|\\\\u\\{1F61C\\}\\|\\\\u\\{1F61D\\}\\|\\\\u\\{1F61E\\}\\|\\\\u\\{1F61F\\}\\|\\\\u\\{1F62A\\}\\|\\\\u\\{1F62B\\}\\|\\\\u\\{1F62C\\}\\|\\\\u\\{1F62D\\}\\|\\\\u\\{1F62E\\}\\|\\\\u\\{1F62F\\}\\|\\\\u\\{1F63A\\}\\|\\\\u\\{1F63B\\}\\|\\\\u\\{1F63C\\}\\|\\\\u\\{1F63D\\}\\|\\\\u\\{1F63E\\}\\|\\\\u\\{1F63F\\}\\|\\\\u\\{1F64A\\}\\|\\\\u\\{1F92A\\}\\|\\\\u\\{1F92B\\}\\|\\\\u\\{1F92C\\}\\|\\\\u\\{1F92D\\}\\|\\\\u\\{1F92E\\}\\|\\\\u\\{1F92F\\}\\|\\\\u\\{1F97A\\}\\|\\\\u\\{1F479\\}\\|\\\\u\\{1F480\\}\\|\\\\u\\{1F493\\}\\|\\\\u\\{1F495\\}\\|\\\\u\\{1F496\\}\\|\\\\u\\{1F497\\}\\|\\\\u\\{1F498\\}\\|\\\\u\\{1F600\\}\\|\\\\u\\{1F601\\}\\|\\\\u\\{1F602\\}\\|\\\\u\\{1F603\\}\\|\\\\u\\{1F604\\}\\|\\\\u\\{1F605\\}\\|\\\\u\\{1F606\\}\\|\\\\u\\{1F607\\}\\|\\\\u\\{1F608\\}\\|\\\\u\\{1F609\\}\\|\\\\u\\{1F610\\}\\|\\\\u\\{1F611\\}\\|\\\\u\\{1F612\\}\\|\\\\u\\{1F613\\}\\|\\\\u\\{1F614\\}\\|\\\\u\\{1F615\\}\\|\\\\u\\{1F616\\}\\|\\\\u\\{1F617\\}\\|\\\\u\\{1F618\\}\\|\\\\u\\{1F619\\}\\|\\\\u\\{1F620\\}\\|\\\\u\\{1F621\\}\\|\\\\u\\{1F622\\}\\|\\\\u\\{1F623\\}\\|\\\\u\\{1F624\\}\\|\\\\u\\{1F625\\}\\|\\\\u\\{1F626\\}\\|\\\\u\\{1F627\\}\\|\\\\u\\{1F628\\}\\|\\\\u\\{1F629\\}\\|\\\\u\\{1F630\\}\\|\\\\u\\{1F631\\}\\|\\\\u\\{1F632\\}\\|\\\\u\\{1F633\\}\\|\\\\u\\{1F634\\}\\|\\\\u\\{1F635\\}\\|\\\\u\\{1F636\\}\\|\\\\u\\{1F637\\}\\|\\\\u\\{1F638\\}\\|\\\\u\\{1F639\\}\\|\\\\u\\{1F640\\}\\|\\\\u\\{1F641\\}\\|\\\\u\\{1F642\\}\\|\\\\u\\{1F643\\}\\|\\\\u\\{1F644\\}\\|\\\\u\\{1F648\\}\\|\\\\u\\{1F649\\}\\|\\\\u\\{1F910\\}\\|\\\\u\\{1F911\\}\\|\\\\u\\{1F912\\}\\|\\\\u\\{1F913\\}\\|\\\\u\\{1F914\\}\\|\\\\u\\{1F915\\}\\|\\\\u\\{1F916\\}\\|\\\\u\\{1F917\\}\\|\\\\u\\{1F920\\}\\|\\\\u\\{1F921\\}\\|\\\\u\\{1F922\\}\\|\\\\u\\{1F923\\}\\|\\\\u\\{1F924\\}\\|\\\\u\\{1F925\\}\\|\\\\u\\{1F927\\}\\|\\\\u\\{1F928\\}\\|\\\\u\\{1F929\\}\\|\\\\u\\{1F970\\}\\|\\\\u\\{1F971\\}\\|\\\\u\\{1F973\\}\\|\\\\u\\{1F974\\}\\|\\\\u\\{1F975\\}\\|\\\\u\\{1F976\\}\\|\\\\u263A\\|\\\\u2620\\|\\\\u2639\\|\\\\u2763\\)/u`;

exports[`emoji 2`] = `
{
  "☠": {
    "$$": {
      "☠": null,
      Symbol(default): "☠",
    },
  },
  "☠️": {
    "$$": {
      "☠️": null,
      Symbol(default): "☠️",
    },
  },
  "☹": {
    "$$": {
      "☹": null,
      Symbol(default): "☹",
    },
  },
  "☹️": {
    "$$": {
      "☹️": null,
      Symbol(default): "☹️",
    },
  },
  "☺": {
    "$$": {
      "☺": null,
      Symbol(default): "☺",
    },
  },
  "☺️": {
    "$$": {
      "☺️": null,
      Symbol(default): "☺️",
    },
  },
  "❣": {
    "$$": {
      "❣": null,
      Symbol(default): "❣",
    },
  },
  "❣️": {
    "$$": {
      "❣️": null,
      Symbol(default): "❣️",
    },
  },
  "👹": {
    "$$": {
      "👹": null,
      Symbol(default): "👹",
    },
  },
  "👺": {
    "$$": {
      "👺": null,
      Symbol(default): "👺",
    },
  },
  "👻": {
    "$$": {
      "👻": null,
      Symbol(default): "👻",
    },
  },
  "👽": {
    "$$": {
      "👽": null,
      Symbol(default): "👽",
    },
  },
  "👾": {
    "$$": {
      "👾": null,
      Symbol(default): "👾",
    },
  },
  "👿": {
    "$$": {
      "👿": null,
      Symbol(default): "👿",
    },
  },
  "💀": {
    "$$": {
      "💀": null,
      Symbol(default): "💀",
    },
  },
  "💋": {
    "$$": {
      "💋": null,
      Symbol(default): "💋",
    },
  },
  "💌": {
    "$$": {
      "💌": null,
      Symbol(default): "💌",
    },
  },
  "💓": {
    "$$": {
      "💓": null,
      Symbol(default): "💓",
    },
  },
  "💕": {
    "$$": {
      "💕": null,
      Symbol(default): "💕",
    },
  },
  "💖": {
    "$$": {
      "💖": null,
      Symbol(default): "💖",
    },
  },
  "💗": {
    "$$": {
      "💗": null,
      Symbol(default): "💗",
    },
  },
  "💘": {
    "$$": {
      "💘": null,
      Symbol(default): "💘",
    },
  },
  "💝": {
    "$$": {
      "💝": null,
      Symbol(default): "💝",
    },
  },
  "💞": {
    "$$": {
      "💞": null,
      Symbol(default): "💞",
    },
  },
  "💟": {
    "$$": {
      "💟": null,
      Symbol(default): "💟",
    },
  },
  "💩": {
    "$$": {
      "💩": null,
      Symbol(default): "💩",
    },
  },
  "😀": {
    "$$": {
      "😀": null,
      Symbol(default): "😀",
    },
  },
  "😁": {
    "$$": {
      "😁": null,
      Symbol(default): "😁",
    },
  },
  "😂": {
    "$$": {
      "😂": null,
      Symbol(default): "😂",
    },
  },
  "😃": {
    "$$": {
      "😃": null,
      Symbol(default): "😃",
    },
  },
  "😄": {
    "$$": {
      "😄": null,
      Symbol(default): "😄",
    },
  },
  "😅": {
    "$$": {
      "😅": null,
      Symbol(default): "😅",
    },
  },
  "😆": {
    "$$": {
      "😆": null,
      Symbol(default): "😆",
    },
  },
  "😇": {
    "$$": {
      "😇": null,
      Symbol(default): "😇",
    },
  },
  "😈": {
    "$$": {
      "😈": null,
      Symbol(default): "😈",
    },
  },
  "😉": {
    "$$": {
      "😉": null,
      Symbol(default): "😉",
    },
  },
  "😊": {
    "$$": {
      "😊": null,
      Symbol(default): "😊",
    },
  },
  "😋": {
    "$$": {
      "😋": null,
      Symbol(default): "😋",
    },
  },
  "😌": {
    "$$": {
      "😌": null,
      Symbol(default): "😌",
    },
  },
  "😍": {
    "$$": {
      "😍": null,
      Symbol(default): "😍",
    },
  },
  "😎": {
    "$$": {
      "😎": null,
      Symbol(default): "😎",
    },
  },
  "😏": {
    "$$": {
      "😏": null,
      Symbol(default): "😏",
    },
  },
  "😐": {
    "$$": {
      "😐": null,
      Symbol(default): "😐",
    },
  },
  "😑": {
    "$$": {
      "😑": null,
      Symbol(default): "😑",
    },
  },
  "😒": {
    "$$": {
      "😒": null,
      Symbol(default): "😒",
    },
  },
  "😓": {
    "$$": {
      "😓": null,
      Symbol(default): "😓",
    },
  },
  "😔": {
    "$$": {
      "😔": null,
      Symbol(default): "😔",
    },
  },
  "😕": {
    "$$": {
      "😕": null,
      Symbol(default): "😕",
    },
  },
  "😖": {
    "$$": {
      "😖": null,
      Symbol(default): "😖",
    },
  },
  "😗": {
    "$$": {
      "😗": null,
      Symbol(default): "😗",
    },
  },
  "😘": {
    "$$": {
      "😘": null,
      Symbol(default): "😘",
    },
  },
  "😙": {
    "$$": {
      "😙": null,
      Symbol(default): "😙",
    },
  },
  "😚": {
    "$$": {
      "😚": null,
      Symbol(default): "😚",
    },
  },
  "😛": {
    "$$": {
      "😛": null,
      Symbol(default): "😛",
    },
  },
  "😜": {
    "$$": {
      "😜": null,
      Symbol(default): "😜",
    },
  },
  "😝": {
    "$$": {
      "😝": null,
      Symbol(default): "😝",
    },
  },
  "😞": {
    "$$": {
      "😞": null,
      Symbol(default): "😞",
    },
  },
  "😟": {
    "$$": {
      "😟": null,
      Symbol(default): "😟",
    },
  },
  "😠": {
    "$$": {
      "😠": null,
      Symbol(default): "😠",
    },
  },
  "😡": {
    "$$": {
      "😡": null,
      Symbol(default): "😡",
    },
  },
  "😢": {
    "$$": {
      "😢": null,
      Symbol(default): "😢",
    },
  },
  "😣": {
    "$$": {
      "😣": null,
      Symbol(default): "😣",
    },
  },
  "😤": {
    "$$": {
      "😤": null,
      Symbol(default): "😤",
    },
  },
  "😥": {
    "$$": {
      "😥": null,
      Symbol(default): "😥",
    },
  },
  "😦": {
    "$$": {
      "😦": null,
      Symbol(default): "😦",
    },
  },
  "😧": {
    "$$": {
      "😧": null,
      Symbol(default): "😧",
    },
  },
  "😨": {
    "$$": {
      "😨": null,
      Symbol(default): "😨",
    },
  },
  "😩": {
    "$$": {
      "😩": null,
      Symbol(default): "😩",
    },
  },
  "😪": {
    "$$": {
      "😪": null,
      Symbol(default): "😪",
    },
  },
  "😫": {
    "$$": {
      "😫": null,
      Symbol(default): "😫",
    },
  },
  "😬": {
    "$$": {
      "😬": null,
      Symbol(default): "😬",
    },
  },
  "😭": {
    "$$": {
      "😭": null,
      Symbol(default): "😭",
    },
  },
  "😮": {
    "$$": {
      "😮": null,
      Symbol(default): "😮",
    },
  },
  "😯": {
    "$$": {
      "😯": null,
      Symbol(default): "😯",
    },
  },
  "😰": {
    "$$": {
      "😰": null,
      Symbol(default): "😰",
    },
  },
  "😱": {
    "$$": {
      "😱": null,
      Symbol(default): "😱",
    },
  },
  "😲": {
    "$$": {
      "😲": null,
      Symbol(default): "😲",
    },
  },
  "😳": {
    "$$": {
      "😳": null,
      Symbol(default): "😳",
    },
  },
  "😴": {
    "$$": {
      "😴": null,
      Symbol(default): "😴",
    },
  },
  "😵": {
    "$$": {
      "😵": null,
      Symbol(default): "😵",
    },
  },
  "😶": {
    "$$": {
      "😶": null,
      Symbol(default): "😶",
    },
  },
  "😷": {
    "$$": {
      "😷": null,
      Symbol(default): "😷",
    },
  },
  "😸": {
    "$$": {
      "😸": null,
      Symbol(default): "😸",
    },
  },
  "😹": {
    "$$": {
      "😹": null,
      Symbol(default): "😹",
    },
  },
  "😺": {
    "$$": {
      "😺": null,
      Symbol(default): "😺",
    },
  },
  "😻": {
    "$$": {
      "😻": null,
      Symbol(default): "😻",
    },
  },
  "😼": {
    "$$": {
      "😼": null,
      Symbol(default): "😼",
    },
  },
  "😽": {
    "$$": {
      "😽": null,
      Symbol(default): "😽",
    },
  },
  "😾": {
    "$$": {
      "😾": null,
      Symbol(default): "😾",
    },
  },
  "😿": {
    "$$": {
      "😿": null,
      Symbol(default): "😿",
    },
  },
  "🙀": {
    "$$": {
      "🙀": null,
      Symbol(default): "🙀",
    },
  },
  "🙁": {
    "$$": {
      "🙁": null,
      Symbol(default): "🙁",
    },
  },
  "🙂": {
    "$$": {
      "🙂": null,
      Symbol(default): "🙂",
    },
  },
  "🙃": {
    "$$": {
      "🙃": null,
      Symbol(default): "🙃",
    },
  },
  "🙄": {
    "$$": {
      "🙄": null,
      Symbol(default): "🙄",
    },
  },
  "🙈": {
    "$$": {
      "🙈": null,
      Symbol(default): "🙈",
    },
  },
  "🙉": {
    "$$": {
      "🙉": null,
      Symbol(default): "🙉",
    },
  },
  "🙊": {
    "$$": {
      "🙊": null,
      Symbol(default): "🙊",
    },
  },
  "🤐": {
    "$$": {
      "🤐": null,
      Symbol(default): "🤐",
    },
  },
  "🤑": {
    "$$": {
      "🤑": null,
      Symbol(default): "🤑",
    },
  },
  "🤒": {
    "$$": {
      "🤒": null,
      Symbol(default): "🤒",
    },
  },
  "🤓": {
    "$$": {
      "🤓": null,
      Symbol(default): "🤓",
    },
  },
  "🤔": {
    "$$": {
      "🤔": null,
      Symbol(default): "🤔",
    },
  },
  "🤕": {
    "$$": {
      "🤕": null,
      Symbol(default): "🤕",
    },
  },
  "🤖": {
    "$$": {
      "🤖": null,
      Symbol(default): "🤖",
    },
  },
  "🤗": {
    "$$": {
      "🤗": null,
      Symbol(default): "🤗",
    },
  },
  "🤠": {
    "$$": {
      "🤠": null,
      Symbol(default): "🤠",
    },
  },
  "🤡": {
    "$$": {
      "🤡": null,
      Symbol(default): "🤡",
    },
  },
  "🤢": {
    "$$": {
      "🤢": null,
      Symbol(default): "🤢",
    },
  },
  "🤣": {
    "$$": {
      "🤣": null,
      Symbol(default): "🤣",
    },
  },
  "🤤": {
    "$$": {
      "🤤": null,
      Symbol(default): "🤤",
    },
  },
  "🤥": {
    "$$": {
      "🤥": null,
      Symbol(default): "🤥",
    },
  },
  "🤧": {
    "$$": {
      "🤧": null,
      Symbol(default): "🤧",
    },
  },
  "🤨": {
    "$$": {
      "🤨": null,
      Symbol(default): "🤨",
    },
  },
  "🤩": {
    "$$": {
      "🤩": null,
      Symbol(default): "🤩",
    },
  },
  "🤪": {
    "$$": {
      "🤪": null,
      Symbol(default): "🤪",
    },
  },
  "🤫": {
    "$$": {
      "🤫": null,
      Symbol(default): "🤫",
    },
  },
  "🤬": {
    "$$": {
      "🤬": null,
      Symbol(default): "🤬",
    },
  },
  "🤭": {
    "$$": {
      "🤭": null,
      Symbol(default): "🤭",
    },
  },
  "🤮": {
    "$$": {
      "🤮": null,
      Symbol(default): "🤮",
    },
  },
  "🤯": {
    "$$": {
      "🤯": null,
      Symbol(default): "🤯",
    },
  },
  "🥰": {
    "$$": {
      "🥰": null,
      Symbol(default): "🥰",
    },
  },
  "🥱": {
    "$$": {
      "🥱": null,
      Symbol(default): "🥱",
    },
  },
  "🥳": {
    "$$": {
      "🥳": null,
      Symbol(default): "🥳",
    },
  },
  "🥴": {
    "$$": {
      "🥴": null,
      Symbol(default): "🥴",
    },
  },
  "🥵": {
    "$$": {
      "🥵": null,
      Symbol(default): "🥵",
    },
  },
  "🥶": {
    "$$": {
      "🥶": null,
      Symbol(default): "🥶",
    },
  },
  "🥺": {
    "$$": {
      "🥺": null,
      Symbol(default): "🥺",
    },
  },
  "🧐": {
    "$$": {
      "🧐": null,
      Symbol(default): "🧐",
    },
  },
}
`;
